SQL> create table ejemplo3 (
  2  DNI VARCHAR2(10) NOT NULL PRIMARY KEY,
  3  NOMBRE VARCHAR2(30) NOT NULL CHECK (NOMBRE=UPPER(NOMBRE)),
  4  EDAD NUMBER(2) CHECK (EDAD BETWEEN 5 AND 20),
  5  CURSO NUMBER CHECK (CURSO IN(1,2,3))
  6  );

Table created.

SQL> INSERT INTO EJEMPLO3 VALUES('2222333B','Ramon',4,2);
INSERT INTO EJEMPLO3 VALUES('2222333B','Ramon',4,2)
*
ERROR at line 1:
ORA-02290: check constraint (DATOS.SYS_C007070) violated 


SQL> drop table ejemplo3;

Table dropped.


SQL> CREATE TABLE EJEMPLO3 (
  2  DNI VARCHAR2(10) NOT NULL,
  3  NOMBRE VARCHAR2(30) NOT NULL,
  4  EDAD NUMBER(2),
  5  CURSO NUMBER,
  6  CONSTRAINT CLAVE_P PRIMARY KEY(DNI),
  7  CONSTRAINT COMP_EDAD CHECK (EDAD BETWEEN 5 AND 20),
  8  CONSTRAINT NOMBRE_MAYUS CHECK (NOMBRE = UPPER(NOMBRE)),
  9  CONSTRAINT COMP_CURSO CHECK (CURSO IN(1,2,3))
 10  );

Table created.


SQL> INSERT INTO EJEMPLO3 VALUES('2222333B','Ramon',5,2);
INSERT INTO EJEMPLO3 VALUES('2222333B','Ramon',5,2)
*
ERROR at line 1:
ORA-02290: check constraint (DATOS.NOMBRE_MAYUS) violated


SQL> INSERT INTO EJEMPLO3 VALUES('2222333B','Ramon',4,2);
INSERT INTO EJEMPLO3 VALUES('2222333B','Ramon',4,2)
*
ERROR at line 1:
ORA-02290: check constraint (DATOS.NOMBRE_MAYUS) violated


SQL> INSERT INTO EJEMPLO3 VALUES('2222333B','RAMON',4,2);
INSERT INTO EJEMPLO3 VALUES('2222333B','RAMON',4,2)
*
ERROR at line 1:
ORA-02290: check constraint (DATOS.COMP_EDAD) violated


SQL> INSERT INTO EJEMPLO3 VALUES('2222333B','RAMON',5,2);

1 row created.

SQL>

SQL> SPOOL OFF
