SQL> CREATE TABLE FABRICANTES1 (
  2  COD_FABRICANTE NUMBER(3) NOT NULL,
  3  NOMBRE VARCHAR2(15),
  4  PAIS VARCHAR(15),
  5  CONSTRAINT CLAVE_P PRIMARY KEY(COD_FABRICANTE),
  6  CONSTRAINT NOMBRE_MAYUS CHECK (NOMBRE=UPPER(NOMBRE)),
  7  CONSTRAINT PAIS_MAYUS CHECK (PAIS=UPPER(PAIS))
  8  );
CONSTRAINT NOMBRE_MAYUS CHECK (NOMBRE=UPPER(NOMBRE)),
           *
ERROR at line 6:
ORA-02264: name already used by an existing constraint 


SQL> CREATE TABLE FABRICANTES1 (
  2  COD_FABRICANTE NUMBER(3) NOT NULL,
  3  NOMBRE VARCHAR2(15),
  4  PAIS VARCHAR(15),
  5  CONSTRAINT CLAVE_P PRIMARY KEY(COD_FABRICANTE),
  6  CONSTRAINT NOMBRE_MAYUS1 CHECK (NOMBRE=UPPER(NOMBRE)),
  7  CONSTRAINT PAIS_MAYUS CHECK (PAIS=UPPER(PAIS))
  8  );
CONSTRAINT CLAVE_P PRIMARY KEY(COD_FABRICANTE),
           *
ERROR at line 5:
ORA-02264: name already used by an existing constraint 

////////////////////////////////////////////////////////////////////////////////

SQL> CREATE TABLE FABRICANTES1 (
  2  COD_FABRICANTE NUMBER(3) PRIMARY KEY,
  3  NOMBRE VARCHAR2(15),
  4  PAIS VARCHAR(15),
  5  CONSTRAINT NOMBRE_MAYUS1 CHECK (NOMBRE=UPPER(NOMBRE)),
  6  CONSTRAINT PAIS_MAYUS CHECK (PAIS=UPPER(PAIS))
  7  );

Table created.


//////////////////////////////////////////////////////////////////////////////////

SQL> CREATE TABLE ARTICULOS1 (
  2  ARTICULO VARCHAR2(20) NOT NULL,
  3  COD_FABRICANTE NUMBER(3),
  4  PESO NUMBER(3),
  5  CATEGORIA VARCHAR2(10),
  6  PRECIO_VENTA NUMBER(6,2)
  7  , PRECIO_COSTO NUMBER (6,2),
  8  EXISTENCIAS NUMBER(5),
  9  CONSTRAINT CLAVE_PR PRIMARY KEY (ARTICULO,COD_FABRICANTE,PESO,CATEGORIA),
 10  CONSTRAINT CHECK (PESO, PRECIO_VENTA,PRECIO_COSTO >0)
 11  ,CONSTRAINT CHECK (CATEGORIA IN('Primera','Segunda,'Tercera')),
 12  CONSTRAINT FK_PER FOREIGN KEY(COD_FABRICANTE) REFERENCES FABRICANTES1 ON DELETE CASCADE
 13  );
CONSTRAINT CHECK (PESO, PRECIO_VENTA,PRECIO_COSTO >0)
                      *
ERROR at line 10:
ORA-00920: invalid relational operator 


SQL> CREATE TABLE ARTICULOS1 (
  2  ARTICULO VARCHAR2(20) NOT NULL,
  3  COD_FABRICANTE NUMBER(3),
  4  PESO NUMBER(3),
  5  CATEGORIA VARCHAR2(10),
  6  PRECIO_VENTA NUMBER(6,2),
  7  PRECIO_COSTO NUMBER (6,2),
  8  EXISTENCIAS NUMBER(5),
  9  CONSTRAINT CLAVE_PR PRIMARY KEY (ARTICULO,COD_FABRICANTE,PESO,CATEGORIA),
 10  CONSTRAINT CHECK (PESO>0),
 11  CONSTRAINT CHECK (PRECIO_VENTA>0),
 12  CONSTRAINT CHECK (PRECIO_COSTO>0),
 13  CONSTRAINT CHECK (CATEGORIA IN('Primera','Segunda,'Tercera')),
 14  CONSTRAINT FK_PER FOREIGN KEY(COD_FABRICANTE) REFERENCES FABRICANTES1 ON DELETE CASCADE
 15  );
CONSTRAINT CHECK (PESO>0),
                         *
ERROR at line 10:
ORA-02438: Column check constraint cannot reference other columns 


SQL> CREATE TABLE ARTICULOS1 (
  2  ARTICULO VARCHAR2(20) NOT NULL,
  3  COD_FABRICANTE NUMBER(3),
  4  PESO NUMBER(3),
  5  CATEGORIA VARCHAR2(10),
  6  PRECIO_VENTA NUMBER(6,2),
  7  PRECIO_COSTO NUMBER (6,2),
  8  EXISTENCIAS NUMBER(5),
  9  CONSTRAINT CLAVE_PR PRIMARY KEY (ARTICULO,COD_FABRICANTE,PESO,CATEGORIA),
 10  CHECK (PESO>0),
 11  CHECK (PRECIO_VENTA>0),
 12  CHECK (PRECIO_COSTO>0),
 13  CHECK (CATEGORIA IN('Primera','Segunda,'Tercera')),
 14  CONSTRAINT FK_PER FOREIGN KEY(COD_FABRICANTE) REFERENCES FABRICANTES1 ON DELETE CASCADE
 15  );
CHECK (CATEGORIA IN('Primera','Segunda,'Tercera')),
                                        *
ERROR at line 13:
ORA-00907: missing right parenthesis 


SQL> CREATE TABLE ARTICULOS1 (
  2  ARTICULO VARCHAR2(20) NOT NULL,
  3  COD_FABRICANTE NUMBER(3),
  4  PESO NUMBER(3),
  5  CATEGORIA VARCHAR2(10),
  6  PRECIO_VENTA NUMBER(6,2),
  7  PRECIO_COSTO NUMBER (6,2),
  8  EXISTENCIAS NUMBER(5),
  9  CONSTRAINT CLAVE_PR PRIMARY KEY (ARTICULO,COD_FABRICANTE,PESO,CATEGORIA),
 10  CHECK (PESO>0),
 11  CHECK (PRECIO_VENTA>0),
 12  CHECK (PRECIO_COSTO>0),
 13  CHECK (CATEGORIA IN('Primera','Segunda,'Tercera'),
 14  CONSTRAINT FK_PER FOREIGN KEY(COD_FABRICANTE) REFERENCES FABRICANTES1 ON DELETE CASCADE
 15  );
CHECK (CATEGORIA IN('Primera','Segunda,'Tercera'),
                                        *
ERROR at line 13:
ORA-00907: missing right parenthesis 


SQL> CREATE TABLE ARTICULOS1 (
  2  ARTICULO VARCHAR2(20) NOT NULL,
  3  COD_FABRICANTE NUMBER(3),
  4  PESO NUMBER(3),
  5  CATEGORIA VARCHAR2(10),
  6  PRECIO_VENTA NUMBER(6,2),
  7  PRECIO_COSTO NUMBER (6,2),
  8  EXISTENCIAS NUMBER(5),
  9  CONSTRAINT CLAVE_PR PRIMARY KEY (ARTICULO,COD_FABRICANTE,PESO,CATEGORIA),
 10  CHECK (PESO>0),
 11  CHECK (PRECIO_VENTA>0),
 12  CHECK (PRECIO_COSTO>0),
 13  CHECK (CATEGORIA IN('Primera','Segunda,'Tercera')),
 14  CONSTRAINT FK_PER FOREIGN KEY(COD_FABRICANTE) REFERENCES FABRICANTES1 ON DELETE CASCADE
 15  );
CHECK (CATEGORIA IN('Primera','Segunda,'Tercera')),
                                        *
ERROR at line 13:
ORA-00907: missing right parenthesis 


SQL> CREATE TABLE ARTICULOS1 (
  2  ARTICULO VARCHAR2(20) NOT NULL,
  3  COD_FABRICANTE NUMBER(3),
  4  PESO NUMBER(3) CHECK (PESO>0),
  5  PRECIO_VENTA NUMBER(6,2) CHECK (PRECIO_VENTA>0),
  6  PRECIO_COSTO NUMBER(6,2) CHECK (PRECIO_COSTO>0),
  7  EXISTENCIAS NUMBER(5),
  8  CONSTRAINT CLAVE_PR PRIMARY KEY (ARTICULO,COD_FABRICANTE,PESO,CATEGORIA),
  9  
SQL> 
    
///////////////////////////////////////////////////////////////////////////////
    
SQL> CREATE TABLE ARTICULOS1 (
  2  ARTICULO VARCHAR2(20) NOT NULL,
  3  COD_FABRICANTE NUMBER(3),
  4  PESO NUMBER(3) CHECK (PESO>0),
  5  CATEGORIA VARCHAR2(10) CHECK (CATEGORIA IN('Primera','Segunda','Tercera')),
  6  PRECIO_VENTA NUMBER(6,2) CHECK (PRECIO_VENTA>0),
  7  PRECIO_COSTO NUMBER(6,2) CHECK (PRECIO_COSTO>0),
  8  EXISTENCIAS NUMBER(5),
  9  CONSTRAINT CLAVE_PR PRIMARY KEY (ARTICULO,COD_FABRICANTE,PESO,CATEGORIA),
 10  CONSTRAINT FK_PER FOREIGN KEY(COD_FABRICANTE) REFERENCES FABRICANTES1 ON DELETE CASCADE
 11  );

Table created.

SQL> SPOOL OFF
